Archive member included to satisfy reference by file (symbol)

c:/program files (x86)/atmel/studio/7.0/toolchain/avr8/avr8-gnu-toolchain/bin/../lib/gcc/avr/5.4.0/../../../../avr/lib/avrxmega4\libm.a(addsf3.o)
                              src/hw/driver/i2c.o (__subsf3)
c:/program files (x86)/atmel/studio/7.0/toolchain/avr8/avr8-gnu-toolchain/bin/../lib/gcc/avr/5.4.0/../../../../avr/lib/avrxmega4\libm.a(addsf3x.o)
                              c:/program files (x86)/atmel/studio/7.0/toolchain/avr8/avr8-gnu-toolchain/bin/../lib/gcc/avr/5.4.0/../../../../avr/lib/avrxmega4\libm.a(addsf3.o) (__addsf3x)
c:/program files (x86)/atmel/studio/7.0/toolchain/avr8/avr8-gnu-toolchain/bin/../lib/gcc/avr/5.4.0/../../../../avr/lib/avrxmega4\libm.a(cmpsf2.o)
                              src/hw/driver/lcd/SSD1306.o (__eqsf2)
c:/program files (x86)/atmel/studio/7.0/toolchain/avr8/avr8-gnu-toolchain/bin/../lib/gcc/avr/5.4.0/../../../../avr/lib/avrxmega4\libm.a(divsf3.o)
                              src/hw/driver/i2c.o (__divsf3)
c:/program files (x86)/atmel/studio/7.0/toolchain/avr8/avr8-gnu-toolchain/bin/../lib/gcc/avr/5.4.0/../../../../avr/lib/avrxmega4\libm.a(divsf3x.o)
                              c:/program files (x86)/atmel/studio/7.0/toolchain/avr8/avr8-gnu-toolchain/bin/../lib/gcc/avr/5.4.0/../../../../avr/lib/avrxmega4\libm.a(divsf3.o) (__divsf3x)
c:/program files (x86)/atmel/studio/7.0/toolchain/avr8/avr8-gnu-toolchain/bin/../lib/gcc/avr/5.4.0/../../../../avr/lib/avrxmega4\libm.a(fixsfsi.o)
                              src/hw/driver/lcd/SSD1306.o (__fixsfsi)
c:/program files (x86)/atmel/studio/7.0/toolchain/avr8/avr8-gnu-toolchain/bin/../lib/gcc/avr/5.4.0/../../../../avr/lib/avrxmega4\libm.a(fixunssfsi.o)
                              src/hw/driver/i2c.o (__fixunssfsi)
c:/program files (x86)/atmel/studio/7.0/toolchain/avr8/avr8-gnu-toolchain/bin/../lib/gcc/avr/5.4.0/../../../../avr/lib/avrxmega4\libm.a(floatsisf.o)
                              src/hw/driver/i2c.o (__floatunsisf)
c:/program files (x86)/atmel/studio/7.0/toolchain/avr8/avr8-gnu-toolchain/bin/../lib/gcc/avr/5.4.0/../../../../avr/lib/avrxmega4\libm.a(fp_cmp.o)
                              c:/program files (x86)/atmel/studio/7.0/toolchain/avr8/avr8-gnu-toolchain/bin/../lib/gcc/avr/5.4.0/../../../../avr/lib/avrxmega4\libm.a(cmpsf2.o) (__fp_cmp)
c:/program files (x86)/atmel/studio/7.0/toolchain/avr8/avr8-gnu-toolchain/bin/../lib/gcc/avr/5.4.0/../../../../avr/lib/avrxmega4\libm.a(fp_inf.o)
                              c:/program files (x86)/atmel/studio/7.0/toolchain/avr8/avr8-gnu-toolchain/bin/../lib/gcc/avr/5.4.0/../../../../avr/lib/avrxmega4\libm.a(addsf3x.o) (__fp_inf)
c:/program files (x86)/atmel/studio/7.0/toolchain/avr8/avr8-gnu-toolchain/bin/../lib/gcc/avr/5.4.0/../../../../avr/lib/avrxmega4\libm.a(fp_nan.o)
                              c:/program files (x86)/atmel/studio/7.0/toolchain/avr8/avr8-gnu-toolchain/bin/../lib/gcc/avr/5.4.0/../../../../avr/lib/avrxmega4\libm.a(addsf3x.o) (__fp_nan)
c:/program files (x86)/atmel/studio/7.0/toolchain/avr8/avr8-gnu-toolchain/bin/../lib/gcc/avr/5.4.0/../../../../avr/lib/avrxmega4\libm.a(fp_pscA.o)
                              c:/program files (x86)/atmel/studio/7.0/toolchain/avr8/avr8-gnu-toolchain/bin/../lib/gcc/avr/5.4.0/../../../../avr/lib/avrxmega4\libm.a(addsf3x.o) (__fp_pscA)
c:/program files (x86)/atmel/studio/7.0/toolchain/avr8/avr8-gnu-toolchain/bin/../lib/gcc/avr/5.4.0/../../../../avr/lib/avrxmega4\libm.a(fp_pscB.o)
                              c:/program files (x86)/atmel/studio/7.0/toolchain/avr8/avr8-gnu-toolchain/bin/../lib/gcc/avr/5.4.0/../../../../avr/lib/avrxmega4\libm.a(addsf3x.o) (__fp_pscB)
c:/program files (x86)/atmel/studio/7.0/toolchain/avr8/avr8-gnu-toolchain/bin/../lib/gcc/avr/5.4.0/../../../../avr/lib/avrxmega4\libm.a(fp_round.o)
                              c:/program files (x86)/atmel/studio/7.0/toolchain/avr8/avr8-gnu-toolchain/bin/../lib/gcc/avr/5.4.0/../../../../avr/lib/avrxmega4\libm.a(addsf3.o) (__fp_round)
c:/program files (x86)/atmel/studio/7.0/toolchain/avr8/avr8-gnu-toolchain/bin/../lib/gcc/avr/5.4.0/../../../../avr/lib/avrxmega4\libm.a(fp_split3.o)
                              c:/program files (x86)/atmel/studio/7.0/toolchain/avr8/avr8-gnu-toolchain/bin/../lib/gcc/avr/5.4.0/../../../../avr/lib/avrxmega4\libm.a(addsf3x.o) (__fp_split3)
c:/program files (x86)/atmel/studio/7.0/toolchain/avr8/avr8-gnu-toolchain/bin/../lib/gcc/avr/5.4.0/../../../../avr/lib/avrxmega4\libm.a(fp_zero.o)
                              c:/program files (x86)/atmel/studio/7.0/toolchain/avr8/avr8-gnu-toolchain/bin/../lib/gcc/avr/5.4.0/../../../../avr/lib/avrxmega4\libm.a(addsf3x.o) (__fp_zero)
c:/program files (x86)/atmel/studio/7.0/toolchain/avr8/avr8-gnu-toolchain/bin/../lib/gcc/avr/5.4.0/../../../../avr/lib/avrxmega4\libm.a(gesf2.o)
                              src/hw/driver/lcd/SSD1306.o (__gesf2)
[...]
Memory Configuration

Name             Origin             Length             Attributes
text             0x00000000         0x00020000         xr
data             0x00804000         0x00004000         rw !x
eeprom           0x00810000         0x00000200         rw !x
fuse             0x00820000         0x00000010         rw !x
lock             0x00830000         0x00000400         rw !x
signature        0x00840000         0x00000400         rw !x
user_signatures  0x00850000         0x00000400         rw !x
*default*        0x00000000         0xffffffff

Linker script and memory map

Address of section .data set to 0x804000
                0x00008000                __RODATA_PM_OFFSET__ = 0x8000
LOAD C:/Program Files (x86)/Atmel/Studio/7.0/Packs/atmel/AVR-Dx_DFP/1.6.76/gcc/dev/avr128da48/avrxmega4/crtavr128da48.o
LOAD src/ap/ap.o
LOAD src/bsp/bsp.o
LOAD src/common/core/qbuffer.o
LOAD src/hw/driver/cli.o
LOAD src/hw/driver/i2c.o
LOAD src/hw/driver/lcd/SSD1306.o
LOAD src/hw/driver/led.o
LOAD src/hw/driver/uart.o
LOAD src/hw/hw.o
LOAD src/main.o
START GROUP
LOAD c:/program files (x86)/atmel/studio/7.0/toolchain/avr8/avr8-gnu-toolchain/bin/../lib/gcc/avr/5.4.0/../../../../avr/lib/avrxmega4\libm.a
END GROUP
START GROUP
LOAD c:/program files (x86)/atmel/studio/7.0/toolchain/avr8/avr8-gnu-toolchain/bin/../lib/gcc/avr/5.4.0/avrxmega4\libgcc.a
LOAD c:/program files (x86)/atmel/studio/7.0/toolchain/avr8/avr8-gnu-toolchain/bin/../lib/gcc/avr/5.4.0/../../../../avr/lib/avrxmega4\libm.a
LOAD c:/program files (x86)/atmel/studio/7.0/toolchain/avr8/avr8-gnu-toolchain/bin/../lib/gcc/avr/5.4.0/../../../../avr/lib/avrxmega4\libc.a
LOAD C:/Program Files (x86)/Atmel/Studio/7.0/Packs/atmel/AVR-Dx_DFP/1.6.76/gcc/dev/avr128da48/avrxmega4\libavr128da48.a
END GROUP
                [0x00000000]                __TEXT_REGION_ORIGIN__ = DEFINED (__TEXT_REGION_ORIGIN__)?__TEXT_REGION_ORIGIN__:0x0
                [0x00804000]                __DATA_REGION_ORIGIN__ = DEFINED (__DATA_REGION_ORIGIN__)?__DATA_REGION_ORIGIN__:0x802000
                [0x00020000]                __TEXT_REGION_LENGTH__ = DEFINED (__TEXT_REGION_LENGTH__)?__TEXT_REGION_LENGTH__:0x100000
                [0x00004000]                __DATA_REGION_LENGTH__ = DEFINED (__DATA_REGION_LENGTH__)?__DATA_REGION_LENGTH__:0xffa0
                [0x00000200]                __EEPROM_REGION_LENGTH__ = DEFINED (__EEPROM_REGION_LENGTH__)?__EEPROM_REGION_LENGTH__:0x10000
                [0x00000010]                __FUSE_REGION_LENGTH__ = DEFINED (__FUSE_REGION_LENGTH__)?__FUSE_REGION_LENGTH__:0x400
                0x00000400                __LOCK_REGION_LENGTH__ = DEFINED (__LOCK_REGION_LENGTH__)?__LOCK_REGION_LENGTH__:0x400
                0x00000400                __SIGNATURE_REGION_LENGTH__ = DEFINED (__SIGNATURE_REGION_LENGTH__)?__SIGNATURE_REGION_LENGTH__:0x400
                0x00000400                __USER_SIGNATURE_REGION_LENGTH__ = DEFINED (__USER_SIGNATURE_REGION_LENGTH__)?__USER_SIGNATURE_REGION_LENGTH__:0x400

.hash
 *(.hash)

.dynsym
 *(.dynsym)

.dynstr
 *(.dynstr)

.gnu.version
 *(.gnu.version)

.gnu.version_d
 *(.gnu.version_d)

.gnu.version_r
 *(.gnu.version_r)

.rel.init
 *(.rel.init)

.rela.init
 *(.rela.init)

.rel.text
 *(.rel.text)
 *(.rel.text.*)
 *(.rel.gnu.linkonce.t*)

.rela.text
 *(.rela.text)
 *(.rela.text.*)
 *(.rela.gnu.linkonce.t*)

.rel.fini
 *(.rel.fini)

.rela.fini
 *(.rela.fini)

.rel.rodata
 *(.rel.rodata)
 *(.rel.rodata.*)
 *(.rel.gnu.linkonce.r*)

.rela.rodata
 *(.rela.rodata)
 *(.rela.rodata.*)
 *(.rela.gnu.linkonce.r*)

.rel.data
 *(.rel.data)
 *(.rel.data.*)
 *(.rel.gnu.linkonce.d*)

.rela.data
 *(.rela.data)
 *(.rela.data.*)
 *(.rela.gnu.linkonce.d*)

.rel.ctors
 *(.rel.ctors)

.rela.ctors
 *(.rela.ctors)

.rel.dtors
 *(.rel.dtors)

.rela.dtors
 *(.rela.dtors)

.rel.got
 *(.rel.got)

.rela.got
 *(.rela.got)

.rel.bss
 *(.rel.bss)

.rela.bss
 *(.rela.bss)

.rel.plt
 *(.rel.plt)

.rela.plt
 *(.rela.plt)

.text           0x00000000     0x2ffa
 *(.vectors)
 .vectors       0x00000000       0xe8 C:/Program Files (x86)/Atmel/Studio/7.0/Packs/atmel/AVR-Dx_DFP/1.6.76/gcc/dev/avr128da48/avrxmega4/crtavr128da48.o
                0x00000000                __vector_default
                0x00000000                __vectors
 *(.vectors)
 *(.progmem.gcc*)
                0x000000e8                . = ALIGN (0x2)
                0x000000e8                __trampolines_start = .
 *(.trampolines)
 .trampolines   0x000000e8        0x0 linker stubs
 *(.trampolines*)
                0x000000e8                __trampolines_end = .
 *libprintf_flt.a:*(.progmem.data)
 *libc.a:*(.progmem.data)
 .progmem.data  0x000000e8       0x3b c:/program files (x86)/atmel/studio/7.0/toolchain/avr8/avr8-gnu-toolchain/bin/../lib/gcc/avr/5.4.0/../../../../avr/lib/avrxmega4\libc.a(strtod.o)
 *(.progmem*)
 .progmem.data.__c.4990
                0x00000123        0x6 src/hw/driver/cli.o
 .progmem.data.__c.4982
                0x00000129        0x2 src/hw/driver/cli.o
 .progmem.data.__c.4980
                0x0000012b        0x3 src/hw/driver/cli.o
 .progmem.data.__c.4978
                0x0000012e        0x4 src/hw/driver/cli.o
 .progmem.data.__c.4973
                0x00000132        0x8 src/hw/driver/cli.o
 .progmem.data.__c.4971
                0x0000013a        0xa src/hw/driver/cli.o
 .progmem.data.__c.4969
                0x00000144       0x15 src/hw/driver/cli.o
 .progmem.data.__c.4952
                0x00000159        0x6 src/hw/driver/cli.o
 .progmem.data.__c.4944
                0x0000015f        0x2 src/hw/driver/cli.o
 .progmem.data.__c.4942
                0x00000161        0x3 src/hw/driver/cli.o
 .progmem.data.__c.4940
                0x00000164        0x4 src/hw/driver/cli.o
 .progmem.data.__c.4938
                0x00000168        0x8 src/hw/driver/cli.o
 .progmem.data.__c.4936
                0x00000170        0xa src/hw/driver/cli.o
 .progmem.data.__c.4934
                0x0000017a       0x14 src/hw/driver/cli.o
 .progmem.data.__c.4920
                0x0000018e       0x20 src/hw/driver/cli.o
 .progmem.data.__c.4915
                0x000001ae        0x3 src/hw/driver/cli.o
 .progmem.data.__c.4912
                0x000001b1       0x20 src/hw/driver/cli.o
 .progmem.data.__c.4910
                0x000001d1        0x3 src/hw/driver/cli.o
 .progmem.data.__c.4764
                0x000001d4        0x6 src/hw/driver/cli.o
 .progmem.data.__c.4762
                0x000001da        0x3 src/hw/driver/cli.o
 .progmem.data.__c.4834
                0x000001dd        0x3 src/hw/driver/cli.o
 .progmem.data.__c.4811
                0x000001e0        0xb src/hw/driver/cli.o
 .progmem.data.__c.4803
                0x000001eb        0x8 src/hw/driver/cli.o
 .progmem.data.__c.4795
                0x000001f3        0x5 src/hw/driver/cli.o
 .progmem.data.__c.4803
                0x000001f8        0xa src/hw/driver/i2c.o
 .progmem.data.__c.4798
                0x00000202       0x12 src/hw/driver/i2c.o
 .progmem.data.pin_tbl
                0x00000214        0x6 src/hw/driver/led.o
                0x0000021a                . = ALIGN (0x2)
 *(.jumptables)
 *(.jumptables*)
 *(.lowtext)
 *(.lowtext*)
                0x0000021a                __ctors_start = .
 *(.ctors)
                0x0000021a                __ctors_end = .
                0x0000021a                __dtors_start = .
 *(.dtors)
                0x0000021a                __dtors_end = .
 SORT(*)(.ctors)
 SORT(*)(.dtors)
 *(.init0)
 .init0         0x0000021a        0x0 C:/Program Files (x86)/Atmel/Studio/7.0/Packs/atmel/AVR-Dx_DFP/1.6.76/gcc/dev/avr128da48/avrxmega4/crtavr128da48.o
                0x0000021a                __init
 *(.init0)
 *(.init1)
 *(.init1)
 *(.init2)
 .init2         0x0000021a        0xc C:/Program Files (x86)/Atmel/Studio/7.0/Packs/atmel/AVR-Dx_DFP/1.6.76/gcc/dev/avr128da48/avrxmega4/crtavr128da48.o
 *(.init2)
 *(.init3)
 *(.init3)
 *(.init4)
 .init4         0x00000226       0x1a c:/program files (x86)/atmel/studio/7.0/toolchain/avr8/avr8-gnu-toolchain/bin/../lib/gcc/avr/5.4.0/avrxmega4\libgcc.a(_copy_data.o)
                0x00000226                __do_copy_data
 .init4         0x00000240       0x10 c:/program files (x86)/atmel/studio/7.0/toolchain/avr8/avr8-gnu-toolchain/bin/../lib/gcc/avr/5.4.0/avrxmega4\libgcc.a(_clear_bss.o)
                0x00000240                __do_clear_bss
 *(.init4)
 *(.init5)
 *(.init5)
 *(.init6)
 *(.init6)
 *(.init7)
 *(.init7)
 *(.init8)
 *(.init8)
 *(.init9)
 .init9         0x00000250        0x8 C:/Program Files (x86)/Atmel/Studio/7.0/Packs/atmel/AVR-Dx_DFP/1.6.76/gcc/dev/avr128da48/avrxmega4/crtavr128da48.o
 *(.init9)
 *(.text)
 .text          0x00000258        0x4 C:/Program Files (x86)/Atmel/Studio/7.0/Packs/atmel/AVR-Dx_DFP/1.6.76/gcc/dev/avr128da48/avrxmega4/crtavr128da48.o
                0x00000258                __vector_38
                0x00000258                __vector_22
                0x00000258                __vector_28
                0x00000258                __vector_1
                0x00000258                __vector_32
                0x00000258                __vector_34
                0x00000258                __vector_24
                0x00000258                __vector_55
                0x00000258                __vector_46
                0x00000258                __bad_interrupt
                0x00000258                __vector_6
                0x00000258                __vector_35
                0x00000258                __vector_39
                0x00000258                __vector_3
                0x00000258                __vector_23
                0x00000258                __vector_30
                0x00000258                __vector_45
                0x00000258                __vector_25
                0x00000258                __vector_11
                0x00000258                __vector_54
                0x00000258                __vector_13
                0x00000258                __vector_17
                0x00000258                __vector_19
                0x00000258                __vector_56
                0x00000258                __vector_7
                0x00000258                __vector_49
                0x00000258                __vector_41
                0x00000258                __vector_43
                0x00000258                __vector_27
                0x00000258                __vector_5
                0x00000258                __vector_33
                0x00000258                __vector_47
                0x00000258                __vector_52
                0x00000258                __vector_37
                0x00000258                __vector_4
                0x00000258                __vector_44
                0x00000258                __vector_51
                0x00000258                __vector_9
                0x00000258                __vector_2
                0x00000258                __vector_21
                0x00000258                __vector_15
                0x00000258                __vector_36
                0x00000258                __vector_29
                0x00000258                __vector_40
                0x00000258                __vector_8
                0x00000258                __vector_26
                0x00000258                __vector_48
                0x00000258                __vector_14
                0x00000258                __vector_57
                0x00000258                __vector_53
                0x00000258                __vector_10
                0x00000258                __vector_50
                0x00000258                __vector_16
                0x00000258                __vector_18
                0x00000258                __vector_20
                0x00000258                __vector_42
 .text          0x0000025c       0x14 c:/program files (x86)/atmel/studio/7.0/toolchain/avr8/avr8-gnu-toolchain/bin/../lib/gcc/avr/5.4.0/../../../../avr/lib/avrxmega4\libc.a(memcpy_PF.o)
                0x0000025c                memcpy_PF
                0x00000270                . = ALIGN (0x2)
 *(.text.*)
 .text.ssd1306_command
                0x00000270       0x64 src/ap/ap.o
                0x00000270                ssd1306_command
 .text.ssd1306_data
                0x000002d4       0x64 src/ap/ap.o
                0x000002d4                ssd1306_data
 .text.ssd1306_set_addr_mode
                0x00000338       0x26 src/ap/ap.o
                0x00000338                ssd1306_set_addr_mode
 .text.ssd1306_set_page_start
                0x0000035e       0x22 src/ap/ap.o
                0x0000035e                ssd1306_set_page_start
 .text.ssd1306_set_column_addr
                0x00000380       0x3c src/ap/ap.o
                0x00000380                ssd1306_set_column_addr
 .text.clear_screen
                0x000003bc       0x48 src/ap/ap.o
                0x000003bc                clear_screen
 .text.draw_dot
                0x00000404       0xa4 src/ap/ap.o
                0x00000404                draw_dot
 .text.display_test_pattern
                0x000004a8       0x1e src/ap/ap.o
                0x000004a8                display_test_pattern
 .text.apInit   0x000004c6       0x1e src/ap/ap.o
                0x000004c6                apInit
 .text.apMain   0x000004e4       0x70 src/ap/ap.o
                0x000004e4                apMain
 .text.__vector_12
                0x00000554       0x50 src/bsp/bsp.o
                0x00000554                __vector_12
 .text.bspInit  0x000005a4       0x44 src/bsp/bsp.o
                0x000005a4                bspInit
 .text.millis   0x000005e8       0x18 src/bsp/bsp.o
                0x000005e8                millis
 .text.qbufferCreate
                0x00000600       0x32 src/common/core/qbuffer.o
                0x00000600                qbufferCreate
 .text.qbufferWrite
                0x00000632       0xd0 src/common/core/qbuffer.o
                0x00000632                qbufferWrite
 .text.qbufferRead
                0x00000702       0xd0 src/common/core/qbuffer.o
                0x00000702                qbufferRead
 .text.qbufferAvailable
                0x000007d2       0x44 src/common/core/qbuffer.o
                0x000007d2                qbufferAvailable
 .text.cliLineClean
                0x00000816       0x18 src/hw/driver/cli.o
 .text.cliLineAdd
                0x0000082e       0x6c src/hw/driver/cli.o
 .text.cliToUpper
                0x0000089a       0x3c src/hw/driver/cli.o
 .text.cliArgsGetStr
                0x000008d6       0x2c src/hw/driver/cli.o
 .text.cliArgsIsStr
                0x00000902       0x3c src/hw/driver/cli.o
 .text.cliArgsGetFloat
                0x0000093e       0x36 src/hw/driver/cli.o
 .text.cliArgsGetData
                0x00000974       0x3c src/hw/driver/cli.o
 .text.cliLineChange
                0x000009b0      0x104 src/hw/driver/cli.o
 .text.cliParseArgs
                0x00000ab4       0xa2 src/hw/driver/cli.o
 .text.cliOpen  0x00000b56       0x4e src/hw/driver/cli.o
                0x00000b56                cliOpen
 .text.cliPrintf
                0x00000ba4       0x3c src/hw/driver/cli.o
                0x00000ba4                cliPrintf
 .text.cliPrintf_P
                0x00000be0       0x3c src/hw/driver/cli.o
                0x00000be0                cliPrintf_P
 .text.cliRunCmd
                0x00000c1c       0xc0 src/hw/driver/cli.o
 .text.cliShowPrompt
                0x00000cdc       0x22 src/hw/driver/cli.o
 .text.cliUpdate
                0x00000cfe      0x412 src/hw/driver/cli.o
 .text.cliMain  0x00001110       0x32 src/hw/driver/cli.o
                0x00001110                cliMain
 .text.cliShowList
                0x00001142       0x7e src/hw/driver/cli.o
                0x00001142                cliShowList
 .text.cliMemoryDump
                0x000011c0      0x1ba src/hw/driver/cli.o
                0x000011c0                cliMemoryDump
 .text.cliMemoryDump_P
                0x0000137a      0x1ea src/hw/driver/cli.o
                0x0000137a                cliMemoryDump_P
 .text.cliAdd   0x00001564       0x68 src/hw/driver/cli.o
                0x00001564                cliAdd
 .text.cliInit  0x000015cc       0x78 src/hw/driver/cli.o
                0x000015cc                cliInit
 .text.i2cInit  0x00001644       0x1e src/hw/driver/i2c.o
                0x00001644                i2cInit
 .text.i2cBegin
                0x00001662       0x58 src/hw/driver/i2c.o
                0x00001662                i2cBegin
 .text.i2cStart
                0x000016ba       0x58 src/hw/driver/i2c.o
                0x000016ba                i2cStart
 .text.i2cSendAddr
                0x00001712       0x6a src/hw/driver/i2c.o
                0x00001712                i2cSendAddr
 .text.i2cSendData
                0x0000177c       0x62 src/hw/driver/i2c.o
                0x0000177c                i2cSendData
 .text.i2cEnd   0x000017de       0x5a src/hw/driver/i2c.o
                0x000017de                i2cEnd
 .text.i2cIsDeviceReady
                0x00001838       0x32 src/hw/driver/i2c.o
                0x00001838                i2cIsDeviceReady
 .text.cliI2c   0x0000186a       0x7a src/hw/driver/i2c.o
                0x0000186a                cliI2c
 .text.GLCD_Send
                0x000018e4       0x54 src/hw/driver/lcd/SSD1306.o
 .text.GLCD_SendCommand
                0x00001938       0x22 src/hw/driver/lcd/SSD1306.o
                0x00001938                GLCD_SendCommand
 .text.GLCD_Setup
                0x0000195a       0x9e src/hw/driver/lcd/SSD1306.o
                0x0000195a                GLCD_Setup
 .text.ledInit  0x000019f8       0x50 src/hw/driver/led.o
                0x000019f8                ledInit
 .text.ledToggle
                0x00001a48       0x40 src/hw/driver/led.o
                0x00001a48                ledToggle
 .text.uartRxHandler
                0x00001a88       0x50 src/hw/driver/uart.o
 .text.uartInit
                0x00001ad8       0x20 src/hw/driver/uart.o
                0x00001ad8                uartInit
 .text.uartOpen
                0x00001af8       0xa4 src/hw/driver/uart.o
                0x00001af8                uartOpen
 .text.uartAvailable
                0x00001b9c       0x1e src/hw/driver/uart.o
                0x00001b9c                uartAvailable
 .text.uartWrite
                0x00001bba       0xba src/hw/driver/uart.o
                0x00001bba                uartWrite
 .text.uartRead
                0x00001c74       0x52 src/hw/driver/uart.o
                0x00001c74                uartRead
 .text.uartPrintf
                0x00001cc6       0x58 src/hw/driver/uart.o
                0x00001cc6                uartPrintf
 .text.__vector_31
                0x00001d1e       0x58 src/hw/driver/uart.o
                0x00001d1e                __vector_31
 .text.hwInit   0x00001d76       0x18 src/hw/hw.o
                0x00001d76                hwInit
 .text.main     0x00001d8e       0x12 src/main.o
                0x00001d8e                main
 .text.avr-libc.fplib
                0x00001da0        0xe c:/program files (x86)/atmel/studio/7.0/toolchain/avr8/avr8-gnu-toolchain/bin/../lib/gcc/avr/5.4.0/../../../../avr/lib/avrxmega4\libm.a(addsf3.o)
                0x00001da0                __subsf3
                0x00001da2                __addsf3
 .text.avr-libc.fplib
                0x00001dae       0xcc c:/program files (x86)/atmel/studio/7.0/toolchain/avr8/avr8-gnu-toolchain/bin/../lib/gcc/avr/5.4.0/../../../../avr/lib/avrxmega4\libm.a(addsf3x.o)
                0x00001dd0                __addsf3x
 .text.avr-libc.fplib
                0x00001e7a        0xa c:/program files (x86)/atmel/studio/7.0/toolchain/avr8/avr8-gnu-toolchain/bin/../lib/gcc/avr/5.4.0/../../../../avr/lib/avrxmega4\libm.a(cmpsf2.o)
                0x00001e7a                __nesf2
                0x00001e7a                __eqsf2
                0x00001e7a                __cmpsf2
                0x00001e7a                __ltsf2
                0x00001e7a                __lesf2
 .text.avr-libc.fplib
                0x00001e84        0x8 c:/program files (x86)/atmel/studio/7.0/toolchain/avr8/avr8-gnu-toolchain/bin/../lib/gcc/avr/5.4.0/../../../../avr/lib/avrxmega4\libm.a(divsf3.o)
                0x00001e84                __divsf3
 .text.avr-libc.fplib
                0x00001e8c       0xdc c:/program files (x86)/atmel/studio/7.0/toolchain/avr8/avr8-gnu-toolchain/bin/../lib/gcc/avr/5.4.0/../../../../avr/lib/avrxmega4\libm.a(divsf3x.o)
                0x00001eac                __divsf3x
                0x00001eb2                __divsf3_pse
 .text.avr-libc.fplib
                0x00001f68       0x5e c:/program files (x86)/atmel/studio/7.0/toolchain/avr8/avr8-gnu-toolchain/bin/../lib/gcc/avr/5.4.0/../../../../avr/lib/avrxmega4\libm.a(fixunssfsi.o)
                0x00001f68                __fixunssfsi
 .text.avr-libc.fplib
                0x00001fc6       0x7a c:/program files (x86)/atmel/studio/7.0/toolchain/avr8/avr8-gnu-toolchain/bin/../lib/gcc/avr/5.4.0/../../../../avr/lib/avrxmega4\libm.a(floatsisf.o)
                0x00001fc6                __floatunsisf
                0x00001fca                __floatsisf
 .text.avr-libc.fplib
                0x00002040       0x48 c:/program files (x86)/atmel/studio/7.0/toolchain/avr8/avr8-gnu-toolchain/bin/../lib/gcc/avr/5.4.0/../../../../avr/lib/avrxmega4\libm.a(fp_cmp.o)
                0x00002040                __fp_cmp
 .text.avr-libc.fplib
                0x00002088        0xc c:/program files (x86)/atmel/studio/7.0/toolchain/avr8/avr8-gnu-toolchain/bin/../lib/gcc/avr/5.4.0/../../../../avr/lib/avrxmega4\libm.a(fp_inf.o)
                0x00002088                __fp_inf
 .text.avr-libc.fplib
                0x00002094        0x6 c:/program files (x86)/atmel/studio/7.0/toolchain/avr8/avr8-gnu-toolchain/bin/../lib/gcc/avr/5.4.0/../../../../avr/lib/avrxmega4\libm.a(fp_nan.o)
                0x00002094                __fp_nan
 .text.avr-libc.fplib
                0x0000209a        0xe c:/program files (x86)/atmel/studio/7.0/toolchain/avr8/avr8-gnu-toolchain/bin/../lib/gcc/avr/5.4.0/../../../../avr/lib/avrxmega4\libm.a(fp_pscA.o)
                0x0000209a                __fp_pscA
 .text.avr-libc.fplib
                0x000020a8        0xe c:/program files (x86)/atmel/studio/7.0/toolchain/avr8/avr8-gnu-toolchain/bin/../lib/gcc/avr/5.4.0/../../../../avr/lib/avrxmega4\libm.a(fp_pscB.o)
                0x000020a8                __fp_pscB
 .text.avr-libc.fplib
                0x000020b6       0x22 c:/program files (x86)/atmel/studio/7.0/toolchain/avr8/avr8-gnu-toolchain/bin/../lib/gcc/avr/5.4.0/../../../../avr/lib/avrxmega4\libm.a(fp_round.o)
                0x000020b6                __fp_round
 .text.avr-libc.fplib
                0x000020d8       0x44 c:/program files (x86)/atmel/studio/7.0/toolchain/avr8/avr8-gnu-toolchain/bin/../lib/gcc/avr/5.4.0/../../../../avr/lib/avrxmega4\libm.a(fp_split3.o)
                0x000020d8                __fp_split3
                0x000020e8                __fp_splitA
 .text.avr-libc.fplib
                0x0000211c        0xe c:/program files (x86)/atmel/studio/7.0/toolchain/avr8/avr8-gnu-toolchain/bin/../lib/gcc/avr/5.4.0/../../../../avr/lib/avrxmega4\libm.a(fp_zero.o)
                0x0000211c                __fp_zero
                0x0000211e                __fp_szero
 .text.avr-libc.fplib
                0x0000212a        0x8 c:/program files (x86)/atmel/studio/7.0/toolchain/avr8/avr8-gnu-toolchain/bin/../lib/gcc/avr/5.4.0/../../../../avr/lib/avrxmega4\libm.a(mulsf3.o)
                0x0000212a                __mulsf3
 .text.avr-libc.fplib
                0x00002132       0xd2 c:/program files (x86)/atmel/studio/7.0/toolchain/avr8/avr8-gnu-toolchain/bin/../lib/gcc/avr/5.4.0/../../../../avr/lib/avrxmega4\libm.a(mulsf3x.o)
                0x00002150                __mulsf3x
                0x00002156                __mulsf3_pse
 .text.libgcc.div
                0x00002204       0x28 c:/program files (x86)/atmel/studio/7.0/toolchain/avr8/avr8-gnu-toolchain/bin/../lib/gcc/avr/5.4.0/avrxmega4\libgcc.a(_divmodhi4.o)
                0x00002204                _div
                0x00002204                __divmodhi4
 .text.libgcc.div
                0x0000222c       0x44 c:/program files (x86)/atmel/studio/7.0/toolchain/avr8/avr8-gnu-toolchain/bin/../lib/gcc/avr/5.4.0/avrxmega4\libgcc.a(_udivmodsi4.o)
                0x0000222c                __udivmodsi4
 .text.libgcc.div
                0x00002270       0x28 c:/program files (x86)/atmel/studio/7.0/toolchain/avr8/avr8-gnu-toolchain/bin/../lib/gcc/avr/5.4.0/avrxmega4\libgcc.a(_udivmodhi4.o)
                0x00002270                __udivmodhi4
 .text.avr-libc
                0x00002298       0xb4 c:/program files (x86)/atmel/studio/7.0/toolchain/avr8/avr8-gnu-toolchain/bin/../lib/gcc/avr/5.4.0/../../../../avr/lib/avrxmega4\libc.a(rand.o)
                0x0000232a                rand_r
                0x0000232e                rand
                0x00002336                srand
 .text.avr-libc
                0x0000234c      0x2b8 c:/program files (x86)/atmel/studio/7.0/toolchain/avr8/avr8-gnu-toolchain/bin/../lib/gcc/avr/5.4.0/../../../../avr/lib/avrxmega4\libc.a(strtod.o)
                0x0000234c                strtod
 .text.avr-libc
                0x00002604      0x21a c:/program files (x86)/atmel/studio/7.0/toolchain/avr8/avr8-gnu-toolchain/bin/../lib/gcc/avr/5.4.0/../../../../avr/lib/avrxmega4\libc.a(strtoul.o)
                0x00002604                strtoul
 .text.avr-libc
                0x0000281e       0x3c c:/program files (x86)/atmel/studio/7.0/toolchain/avr8/avr8-gnu-toolchain/bin/../lib/gcc/avr/5.4.0/../../../../avr/lib/avrxmega4\libc.a(atoi.o)
                0x0000281e                atoi
 .text.avr-libc
                0x0000285a       0x12 c:/program files (x86)/atmel/studio/7.0/toolchain/avr8/avr8-gnu-toolchain/bin/../lib/gcc/avr/5.4.0/../../../../avr/lib/avrxmega4\libc.a(isspace.o)
                0x0000285a                isspace
 .text.avr-libc
                0x0000286c       0x30 c:/program files (x86)/atmel/studio/7.0/toolchain/avr8/avr8-gnu-toolchain/bin/../lib/gcc/avr/5.4.0/../../../../avr/lib/avrxmega4\libc.a(strncasecmp_P.o)
                0x0000286c                strncasecmp_P
 .text.avr-libc
                0x0000289c       0x12 c:/program files (x86)/atmel/studio/7.0/toolchain/avr8/avr8-gnu-toolchain/bin/../lib/gcc/avr/5.4.0/../../../../avr/lib/avrxmega4\libc.a(strcmp.o)
                0x0000289c                strcmp
 .text.avr-libc
                0x000028ae        0xe c:/program files (x86)/atmel/studio/7.0/toolchain/avr8/avr8-gnu-toolchain/bin/../lib/gcc/avr/5.4.0/../../../../avr/lib/avrxmega4\libc.a(strcpy.o)
                0x000028ae                strcpy
 .text.avr-libc
                0x000028bc       0x4e c:/program files (x86)/atmel/studio/7.0/toolchain/avr8/avr8-gnu-toolchain/bin/../lib/gcc/avr/5.4.0/../../../../avr/lib/avrxmega4\libc.a(strtok_r.o)
                0x000028bc                strtok_r
 .text.avr-libc
                0x0000290a       0x10 c:/program files (x86)/atmel/studio/7.0/toolchain/avr8/avr8-gnu-toolchain/bin/../lib/gcc/avr/5.4.0/../../../../avr/lib/avrxmega4\libc.a(mul10.o)
                0x0000290a                __mulhi_const_10
 .text.avr-libc
                0x0000291a       0x66 c:/program files (x86)/atmel/studio/7.0/toolchain/avr8/avr8-gnu-toolchain/bin/../lib/gcc/avr/5.4.0/../../../../avr/lib/avrxmega4\libc.a(vsnprintf.o)
                0x0000291a                vsnprintf
 .text.avr-libc
                0x00002980       0x66 c:/program files (x86)/atmel/studio/7.0/toolchain/avr8/avr8-gnu-toolchain/bin/../lib/gcc/avr/5.4.0/../../../../avr/lib/avrxmega4\libc.a(vsnprintf_p.o)
                0x00002980                vsnprintf_P
 .text.avr-libc
                0x000029e6      0x408 c:/program files (x86)/atmel/studio/7.0/toolchain/avr8/avr8-gnu-toolchain/bin/../lib/gcc/avr/5.4.0/../../../../avr/lib/avrxmega4\libc.a(vfprintf_std.o)
                0x000029e6                vfprintf
 .text.avr-libc
                0x00002dee        0x6 c:/program files (x86)/atmel/studio/7.0/toolchain/avr8/avr8-gnu-toolchain/bin/../lib/gcc/avr/5.4.0/../../../../avr/lib/avrxmega4\libc.a(cty_isfalse.o)
                0x00002dee                __ctype_isfalse
                0x00002df2                __ctype_istrue
 .text.avr-libc
                0x00002df4       0x16 c:/program files (x86)/atmel/studio/7.0/toolchain/avr8/avr8-gnu-toolchain/bin/../lib/gcc/avr/5.4.0/../../../../avr/lib/avrxmega4\libc.a(strnlen_P.o)
                0x00002df4                strnlen_P
 .text.avr-libc
                0x00002e0a       0x16 c:/program files (x86)/atmel/studio/7.0/toolchain/avr8/avr8-gnu-toolchain/bin/../lib/gcc/avr/5.4.0/../../../../avr/lib/avrxmega4\libc.a(strnlen.o)
                0x00002e0a                strnlen
 .text.avr-libc
                0x00002e20       0x78 c:/program files (x86)/atmel/studio/7.0/toolchain/avr8/avr8-gnu-toolchain/bin/../lib/gcc/avr/5.4.0/../../../../avr/lib/avrxmega4\libc.a(fputc.o)
                0x00002e20                fputc
 .text.avr-libc
                0x00002e98       0xbc c:/program files (x86)/atmel/studio/7.0/toolchain/avr8/avr8-gnu-toolchain/bin/../lib/gcc/avr/5.4.0/../../../../avr/lib/avrxmega4\libc.a(ultoa_invert.o)
                0x00002e98                __ultoa_invert
 .text.libgcc.mul
                0x00002f54       0x20 c:/program files (x86)/atmel/studio/7.0/toolchain/avr8/avr8-gnu-toolchain/bin/../lib/gcc/avr/5.4.0/avrxmega4\libgcc.a(_mulsi3.o)
                0x00002f54                __mulsi3
 .text.libgcc.div
                0x00002f74       0x2e c:/program files (x86)/atmel/studio/7.0/toolchain/avr8/avr8-gnu-toolchain/bin/../lib/gcc/avr/5.4.0/avrxmega4\libgcc.a(_divmodsi4.o)
                0x00002f74                __divmodsi4
 .text.libgcc.div
                0x00002fa2       0x10 c:/program files (x86)/atmel/studio/7.0/toolchain/avr8/avr8-gnu-toolchain/bin/../lib/gcc/avr/5.4.0/avrxmega4\libgcc.a(_negsi2.o)
                0x00002fa2                __negsi2
 .text.libgcc.mul
                0x00002fb2       0x16 c:/program files (x86)/atmel/studio/7.0/toolchain/avr8/avr8-gnu-toolchain/bin/../lib/gcc/avr/5.4.0/avrxmega4\libgcc.a(_muluhisi3.o)
                0x00002fb2                __muluhisi3
 .text.libgcc.mul
                0x00002fc8       0x10 c:/program files (x86)/atmel/studio/7.0/toolchain/avr8/avr8-gnu-toolchain/bin/../lib/gcc/avr/5.4.0/avrxmega4\libgcc.a(_mulshisi3.o)
                0x00002fc8                __mulshisi3
                0x00002fce                __mulohisi3
 .text.libgcc.mul
                0x00002fd8       0x1e c:/program files (x86)/atmel/studio/7.0/toolchain/avr8/avr8-gnu-toolchain/bin/../lib/gcc/avr/5.4.0/avrxmega4\libgcc.a(_umulhisi3.o)
                0x00002fd8                __umulhisi3
                0x00002ff6                . = ALIGN (0x2)
 *(.fini9)
 .fini9         0x00002ff6        0x0 c:/program files (x86)/atmel/studio/7.0/toolchain/avr8/avr8-gnu-toolchain/bin/../lib/gcc/avr/5.4.0/avrxmega4\libgcc.a(_exit.o)
                0x00002ff6                _exit
                0x00002ff6                exit
 *(.fini9)
 *(.fini8)
 *(.fini8)
 *(.fini7)
 *(.fini7)
 *(.fini6)
 *(.fini6)
 *(.fini5)
 *(.fini5)
 *(.fini4)
 *(.fini4)
 *(.fini3)
 *(.fini3)
 *(.fini2)
 *(.fini2)
 *(.fini1)
 *(.fini1)
 *(.fini0)
 .fini0         0x00002ff6        0x4 c:/program files (x86)/atmel/studio/7.0/toolchain/avr8/avr8-gnu-toolchain/bin/../lib/gcc/avr/5.4.0/avrxmega4\libgcc.a(_exit.o)
 *(.fini0)
                0x00002ffa                _etext = .

.data           0x00804000       0x38 load address 0x00002ffa
                0x00804000                PROVIDE (__data_start, .)
 *(.data)
 .data          0x00804000        0x4 c:/program files (x86)/atmel/studio/7.0/toolchain/avr8/avr8-gnu-toolchain/bin/../lib/gcc/avr/5.4.0/../../../../avr/lib/avrxmega4\libc.a(rand.o)
 *(.data*)
 *(.gnu.linkonce.d*)
 *(.rodata)
 *(.rodata*)
 .rodata.str1.1
                0x00804004       0x2a src/hw/driver/cli.o
 .rodata.str1.1
                0x0080402e        0x9 src/hw/driver/i2c.o
 *(.gnu.linkonce.r*)
                0x00804038                . = ALIGN (0x2)
 *fill*         0x00804037        0x1 
                0x00804038                _edata = .
                0x00804038                PROVIDE (__data_end, .)

.bss            0x00804038      0x5bd
                0x00804038                PROVIDE (__bss_start, .)
 *(.bss)
 *(.bss*)
 .bss.gddram    0x00804038      0x200 src/ap/ap.o
 .bss.ms_cnt    0x00804238        0x4 src/bsp/bsp.o
 *(COMMON)
 COMMON         0x0080423c      0x360 src/hw/driver/cli.o
                0x0080423c                cli_node
 COMMON         0x0080459c       0x57 src/hw/driver/uart.o
                0x0080459c                uart_tbl
 COMMON         0x008045f3        0x2 c:/program files (x86)/atmel/studio/7.0/toolchain/avr8/avr8-gnu-toolchain/bin/../lib/gcc/avr/5.4.0/../../../../avr/lib/avrxmega4\libc.a(errno.o)
                0x008045f3                errno
                0x008045f5                PROVIDE (__bss_end, .)
                0x00002ffa                __data_load_start = LOADADDR (.data)
                0x00003032                __data_load_end = (__data_load_start + SIZEOF (.data))

.noinit         0x008045f5        0x0
                [!provide]                PROVIDE (__noinit_start, .)
 *(.noinit*)
                [!provide]                PROVIDE (__noinit_end, .)
                0x008045f5                _end = .
                [!provide]                PROVIDE (__heap_start, .)

.eeprom         0x00810000        0x0
 *(.eeprom*)
                0x00810000                __eeprom_end = .

.fuse
 *(.fuse)
 *(.lfuse)
 *(.hfuse)
 *(.efuse)

.lock
 *(.lock*)

.signature
 *(.signature*)

.user_signatures
 *(.user_signatures*)

.stab
 *(.stab)

.stabstr
 *(.stabstr)

.stab.excl
 *(.stab.excl)

.stab.exclstr
 *(.stab.exclstr)

.stab.index
 *(.stab.index)

.stab.indexstr
 *(.stab.indexstr)

.comment        0x00000000       0x5c
 *(.comment)
 .comment       0x00000000       0x30 src/ap/ap.o
                                 0x31 (size before relaxing)
 .comment       0x00000030       0x31 src/bsp/bsp.o
 .comment       0x00000030       0x31 src/common/core/qbuffer.o
 .comment       0x00000030       0x31 src/hw/driver/cli.o
 .comment       0x00000030       0x31 src/hw/driver/i2c.o
 .comment       0x00000030       0x31 src/hw/driver/lcd/SSD1306.o
 .comment       0x00000030       0x31 src/hw/driver/led.o
 .comment       0x00000030       0x31 src/hw/driver/uart.o
 .comment       0x00000030       0x31 src/hw/hw.o
 .comment       0x00000030       0x31 src/main.o
 .comment       0x00000030       0x31 c:/program files (x86)/atmel/studio/7.0/toolchain/avr8/avr8-gnu-toolchain/bin/../lib/gcc/avr/5.4.0/../../../../avr/lib/avrxmega4\libc.a(rand.o)
 .comment       0x00000030       0x31 c:/program files (x86)/atmel/studio/7.0/toolchain/avr8/avr8-gnu-toolchain/bin/../lib/gcc/avr/5.4.0/../../../../avr/lib/avrxmega4\libc.a(strtod.o)
 .comment       0x00000030       0x31 c:/program files (x86)/atmel/studio/7.0/toolchain/avr8/avr8-gnu-toolchain/bin/../lib/gcc/avr/5.4.0/../../../../avr/lib/avrxmega4\libc.a(strtoul.o)
 .comment       0x00000030       0x31 c:/program files (x86)/atmel/studio/7.0/toolchain/avr8/avr8-gnu-toolchain/bin/../lib/gcc/avr/5.4.0/../../../../avr/lib/avrxmega4\libc.a(vsnprintf.o)
 .comment       0x00000030       0x31 c:/program files (x86)/atmel/studio/7.0/toolchain/avr8/avr8-gnu-toolchain/bin/../lib/gcc/avr/5.4.0/../../../../avr/lib/avrxmega4\libc.a(vsnprintf_p.o)
 .comment       0x00000030       0x2c c:/program files (x86)/atmel/studio/7.0/toolchain/avr8/avr8-gnu-toolchain/bin/../lib/gcc/avr/5.4.0/../../../../avr/lib/avrxmega4\libc.a(vfprintf_std.o)
                                 0x2d (size before relaxing)
 .comment       0x0000005c       0x2d c:/program files (x86)/atmel/studio/7.0/toolchain/avr8/avr8-gnu-toolchain/bin/../lib/gcc/avr/5.4.0/../../../../avr/lib/avrxmega4\libc.a(errno.o)
 .comment       0x0000005c       0x31 c:/program files (x86)/atmel/studio/7.0/toolchain/avr8/avr8-gnu-toolchain/bin/../lib/gcc/avr/5.4.0/../../../../avr/lib/avrxmega4\libc.a(fputc.o)

.note.gnu.avr.deviceinfo
                0x00000000       0x40
 .note.gnu.avr.deviceinfo
                0x00000000       0x40 C:/Program Files (x86)/Atmel/Studio/7.0/Packs/atmel/AVR-Dx_DFP/1.6.76/gcc/dev/avr128da48/avrxmega4/crtavr128da48.o

.note.gnu.build-id
 *(.note.gnu.build-id)

.debug
 *(.debug)

.line
 *(.line)

.debug_srcinfo
 *(.debug_srcinfo)

.debug_sfnames
 *(.debug_sfnames)

.debug_aranges  0x00000000      0x4f8
 *(.debug_aranges)
 .debug_aranges
                0x00000000       0x78 src/ap/ap.o
 .debug_aranges
                0x00000078       0x38 src/bsp/bsp.o
 .debug_aranges
                0x000000b0       0x48 src/common/core/qbuffer.o
 .debug_aranges
                0x000000f8       0xf8 src/hw/driver/cli.o
 .debug_aranges
                0x000001f0       0x60 src/hw/driver/i2c.o
 .debug_aranges
                0x00000250      0x198 src/hw/driver/lcd/SSD1306.o
 .debug_aranges
                0x000003e8       0x38 src/hw/driver/led.o
 .debug_aranges
                0x00000420       0x98 src/hw/driver/uart.o
 .debug_aranges
                0x000004b8       0x20 src/hw/hw.o
 .debug_aranges
                0x000004d8       0x20 src/main.o

.debug_pubnames
 *(.debug_pubnames)

.debug_info     0x00000000     0x9cd4
 *(.debug_info .gnu.linkonce.wi.*)
 .debug_info    0x00000000     0x2c24 C:/Program Files (x86)/Atmel/Studio/7.0/Packs/atmel/AVR-Dx_DFP/1.6.76/gcc/dev/avr128da48/avrxmega4/crtavr128da48.o
 .debug_info    0x00002c24      0x806 src/ap/ap.o
 .debug_info    0x0000342a      0x814 src/bsp/bsp.o
 .debug_info    0x00003c3e      0x2d3 src/common/core/qbuffer.o
 .debug_info    0x00003f11     0x1471 src/hw/driver/cli.o
 .debug_info    0x00005382      0x9f7 src/hw/driver/i2c.o
 .debug_info    0x00005d79     0x2c1f src/hw/driver/lcd/SSD1306.o
 .debug_info    0x00008998      0x5cd src/hw/driver/led.o
 .debug_info    0x00008f65      0xb85 src/hw/driver/uart.o
 .debug_info    0x00009aea      0x10b src/hw/hw.o
 .debug_info    0x00009bf5       0xdf src/main.o

.debug_abbrev   0x00000000     0x3c67
 *(.debug_abbrev)
 .debug_abbrev  0x00000000     0x29ce C:/Program Files (x86)/Atmel/Studio/7.0/Packs/atmel/AVR-Dx_DFP/1.6.76/gcc/dev/avr128da48/avrxmega4/crtavr128da48.o
 .debug_abbrev  0x000029ce      0x204 src/ap/ap.o
 .debug_abbrev  0x00002bd2      0x199 src/bsp/bsp.o
 .debug_abbrev  0x00002d6b      0x120 src/common/core/qbuffer.o
 .debug_abbrev  0x00002e8b      0x361 src/hw/driver/cli.o
 .debug_abbrev  0x000031ec      0x201 src/hw/driver/i2c.o
 .debug_abbrev  0x000033ed      0x387 src/hw/driver/lcd/SSD1306.o
 .debug_abbrev  0x00003774      0x14d src/hw/driver/led.o
 .debug_abbrev  0x000038c1      0x2dc src/hw/driver/uart.o
 .debug_abbrev  0x00003b9d       0x65 src/hw/hw.o
 .debug_abbrev  0x00003c02       0x65 src/main.o

.debug_line     0x00000000     0x36b6
 *(.debug_line .debug_line.* .debug_line_end)
 .debug_line    0x00000000      0x1f3 C:/Program Files (x86)/Atmel/Studio/7.0/Packs/atmel/AVR-Dx_DFP/1.6.76/gcc/dev/avr128da48/avrxmega4/crtavr128da48.o
 .debug_line    0x000001f3      0x464 src/ap/ap.o
 .debug_line    0x00000657      0x1e1 src/bsp/bsp.o
 .debug_line    0x00000838      0x214 src/common/core/qbuffer.o
 .debug_line    0x00000a4c      0xbce src/hw/driver/cli.o
 .debug_line    0x0000161a      0x3d1 src/hw/driver/i2c.o
 .debug_line    0x000019eb     0x1569 src/hw/driver/lcd/SSD1306.o
 .debug_line    0x00002f54      0x1ad src/hw/driver/led.o
 .debug_line    0x00003101      0x48f src/hw/driver/uart.o
 .debug_line    0x00003590       0xaf src/hw/hw.o
 .debug_line    0x0000363f       0x77 src/main.o

.debug_frame    0x00000000     0x12cc
 *(.debug_frame)
 .debug_frame   0x00000000      0x19c src/ap/ap.o
 .debug_frame   0x0000019c       0x9c src/bsp/bsp.o
 .debug_frame   0x00000238      0x128 src/common/core/qbuffer.o
 .debug_frame   0x00000360      0x3c8 src/hw/driver/cli.o
 .debug_frame   0x00000728      0x168 src/hw/driver/i2c.o
 .debug_frame   0x00000890      0x770 src/hw/driver/lcd/SSD1306.o
 .debug_frame   0x00001000       0x54 src/hw/driver/led.o
 .debug_frame   0x00001054      0x230 src/hw/driver/uart.o
 .debug_frame   0x00001284       0x24 src/hw/hw.o
 .debug_frame   0x000012a8       0x24 src/main.o

.debug_str      0x00000000     0x2666
 *(.debug_str)
 .debug_str     0x00000000     0x1320 C:/Program Files (x86)/Atmel/Studio/7.0/Packs/atmel/AVR-Dx_DFP/1.6.76/gcc/dev/avr128da48/avrxmega4/crtavr128da48.o
 .debug_str     0x00001320      0x314 src/ap/ap.o
                                0x35d (size before relaxing)
 .debug_str     0x00001634      0x26e src/bsp/bsp.o
                                0x442 (size before relaxing)
 .debug_str     0x000018a2       0xa6 src/common/core/qbuffer.o
                                0x224 (size before relaxing)
 .debug_str     0x00001948      0x3b2 src/hw/driver/cli.o
                                0x596 (size before relaxing)
 .debug_str     0x00001cfa      0x28e src/hw/driver/i2c.o
                                0x5a7 (size before relaxing)
 .debug_str     0x00001f88      0x503 src/hw/driver/lcd/SSD1306.o
                                0x71a (size before relaxing)
 .debug_str     0x0000248b       0x61 src/hw/driver/led.o
                                0x2db (size before relaxing)
 .debug_str     0x000024ec      0x151 src/hw/driver/uart.o
                                0x511 (size before relaxing)
 .debug_str     0x0000263d       0x16 src/hw/hw.o
                                0x1ae (size before relaxing)
 .debug_str     0x00002653       0x13 src/main.o
                                0x197 (size before relaxing)

.debug_loc      0x00000000     0x6dd1
 *(.debug_loc)
 .debug_loc     0x00000000      0x71c src/ap/ap.o
 .debug_loc     0x0000071c      0x140 src/bsp/bsp.o
 .debug_loc     0x0000085c      0x518 src/common/core/qbuffer.o
 .debug_loc     0x00000d74     0x136d src/hw/driver/cli.o
 .debug_loc     0x000020e1      0x7e4 src/hw/driver/i2c.o
 .debug_loc     0x000028c5     0x3759 src/hw/driver/lcd/SSD1306.o
 .debug_loc     0x0000601e      0x3f4 src/hw/driver/led.o
 .debug_loc     0x00006412      0x9bf src/hw/driver/uart.o

.debug_macinfo
 *(.debug_macinfo)

.debug_weaknames
 *(.debug_weaknames)

.debug_funcnames
 *(.debug_funcnames)

.debug_typenames
 *(.debug_typenames)

.debug_varnames
 *(.debug_varnames)

.debug_pubtypes
 *(.debug_pubtypes)

.debug_ranges   0x00000000      0x4c0
 *(.debug_ranges)
 .debug_ranges  0x00000000       0x68 src/ap/ap.o
 .debug_ranges  0x00000068       0x28 src/bsp/bsp.o
 .debug_ranges  0x00000090       0x38 src/common/core/qbuffer.o
 .debug_ranges  0x000000c8       0xe8 src/hw/driver/cli.o
 .debug_ranges  0x000001b0       0x70 src/hw/driver/i2c.o
 .debug_ranges  0x00000220      0x1d0 src/hw/driver/lcd/SSD1306.o
 .debug_ranges  0x000003f0       0x28 src/hw/driver/led.o
 .debug_ranges  0x00000418       0x88 src/hw/driver/uart.o
 .debug_ranges  0x000004a0       0x10 src/hw/hw.o
 .debug_ranges  0x000004b0       0x10 src/main.o

.debug_macro
 *(.debug_macro)
OUTPUT(AVR128DA.elf elf32-avr)
LOAD linker stubs
